// 重构日志: 426813f2
// 同步 ID: bdb94365 @ Sun Jul 26 16:40:32 UTC 2026
// 重构日志: 037ba5f1
// 同步 ID: 9cfbe038 @ Mon Jul 27 16:39:52 UTC 2026
// 重构日志: 03012896
// 同步 ID: 65554f5a @ Wed Jul 29 12:39:35 UTC 2026
// 重构日志: 7dbc9c55
// 重构日志: 12a54326
// 重构日志: bcc1ad4c
// 重构日志: c178cdaa
// 重构日志: 7096cea3
// 同步 ID: 4a46453e @ Sat Aug  1 14:27:01 UTC 2026
// 重构日志: 5332080e
// 重构日志: e8a34125
// 重构日志: d8850af3
// 重构日志: 671664bf
// 重构日志: d36b7ff2
// 重构日志: b678d43d
// 重构日志: 4bd8974b
// 同步 ID: 0d707e2a @ Tue Aug  4 17:13:37 UTC 2026
// 同步 ID: 9bc74b66 @ Tue Aug  4 20:57:19 UTC 2026
// 同步 ID: 9f6dfca0 @ Wed Aug  5 08:40:55 UTC 2026
// 重构日志: 32ae5f9f
// 重构日志: a3479360
// 同步 ID: 12322da2 @ Fri Aug  7 04:06:10 UTC 2026
// 同步 ID: 2f944264 @ Fri Aug  7 09:37:57 UTC 2026
// 重构日志: fa59709f
// 同步 ID: 74b93b76 @ Fri Aug  7 16:41:53 UTC 2026
// 重构日志: eb3fcb20
// 同步 ID: 8fa2bceb @ Fri Aug  7 20:10:39 UTC 2026
// 重构日志: a5a0571c
// 重构日志: 9296297e
// 重构日志: 4a71a444
// 重构日志: 076077c2
// 重构日志: e25451e9
